<!DOCTYPE html>
<!--
  App main template (_TITLE is an external memvar)
  @license MIT
-->
<html lang="en">
<head>
  <meta charset="UTF-8">
  <title>My App</title>
</head>
<body>
  <!--
    all comments, except the jscc ones, will be preserved!
  -->
  <h1>My App</h1>
  <!-- #if -->
  <script src="js/release.js?12345"></script>
  <script src="js/myapp.js?12345"></script>
</body>
</html>
